
============================================================
RUN: encoder=gat seed=1 steps=1000000
============================================================
upd    1/488 | step     2048 | greedyR    -5.3 | sampR    39.4 | SLA 0.90 | mig    93 | p99    91ms | viol 0 | ec 0.0200 | 792 st/s
upd   20/488 | step    40960 | greedyR   101.3 | sampR    57.8 | SLA 1.00 | mig    57 | p99    21ms | viol 0 | ec 0.0193 | 2148 st/s
upd   40/488 | step    81920 | greedyR    91.4 | sampR    57.5 | SLA 1.00 | mig    18 | p99    22ms | viol 0 | ec 0.0185 | 2311 st/s
upd   60/488 | step   122880 | greedyR    -4.1 | sampR    59.6 | SLA 0.90 | mig    27 | p99    89ms | viol 0 | ec 0.0177 | 2355 st/s
upd   80/488 | step   163840 | greedyR    91.2 | sampR    59.7 | SLA 1.00 | mig     8 | p99    27ms | viol 0 | ec 0.0169 | 2387 st/s
upd  100/488 | step   204800 | greedyR    91.8 | sampR    57.9 | SLA 1.00 | mig     6 | p99    24ms | viol 0 | ec 0.0161 | 2382 st/s
upd  120/488 | step   245760 | greedyR    91.0 | sampR    57.5 | SLA 1.00 | mig     9 | p99    27ms | viol 0 | ec 0.0154 | 2402 st/s
upd  140/488 | step   286720 | greedyR    90.9 | sampR    57.6 | SLA 1.00 | mig    14 | p99    22ms | viol 0 | ec 0.0146 | 2428 st/s
upd  160/488 | step   327680 | greedyR    81.4 | sampR    64.0 | SLA 1.00 | mig    44 | p99    22ms | viol 0 | ec 0.0138 | 2446 st/s
upd  180/488 | step   368640 | greedyR    91.4 | sampR    60.5 | SLA 1.00 | mig    20 | p99    26ms | viol 0 | ec 0.0130 | 2457 st/s
upd  200/488 | step   409600 | greedyR    89.3 | sampR    64.2 | SLA 1.00 | mig     8 | p99    24ms | viol 0 | ec 0.0123 | 2470 st/s
upd  220/488 | step   450560 | greedyR    92.8 | sampR    56.2 | SLA 1.00 | mig     7 | p99    24ms | viol 0 | ec 0.0115 | 2479 st/s
upd  240/488 | step   491520 | greedyR    90.5 | sampR    67.8 | SLA 1.00 | mig    11 | p99    26ms | viol 0 | ec 0.0107 | 2487 st/s
upd  260/488 | step   532480 | greedyR    90.7 | sampR    70.9 | SLA 1.00 | mig    22 | p99    26ms | viol 0 | ec 0.0099 | 2487 st/s
upd  280/488 | step   573440 | greedyR    91.5 | sampR    69.9 | SLA 1.00 | mig     8 | p99    24ms | viol 0 | ec 0.0091 | 2491 st/s
upd  300/488 | step   614400 | greedyR    95.1 | sampR    75.2 | SLA 1.00 | mig    15 | p99    23ms | viol 0 | ec 0.0084 | 2497 st/s
upd  320/488 | step   655360 | greedyR    90.1 | sampR    70.1 | SLA 1.00 | mig    10 | p99    24ms | viol 0 | ec 0.0076 | 2501 st/s
upd  340/488 | step   696320 | greedyR   112.2 | sampR    71.8 | SLA 1.00 | mig    15 | p99    27ms | viol 0 | ec 0.0068 | 2504 st/s
upd  360/488 | step   737280 | greedyR   109.0 | sampR    83.2 | SLA 1.00 | mig    27 | p99    21ms | viol 0 | ec 0.0060 | 2507 st/s
upd  380/488 | step   778240 | greedyR   110.1 | sampR    92.2 | SLA 1.00 | mig    32 | p99    21ms | viol 0 | ec 0.0052 | 2511 st/s
upd  400/488 | step   819200 | greedyR   105.4 | sampR    99.7 | SLA 1.00 | mig    30 | p99    21ms | viol 0 | ec 0.0045 | 2514 st/s
upd  420/488 | step   860160 | greedyR   105.6 | sampR   100.8 | SLA 1.00 | mig    30 | p99    21ms | viol 0 | ec 0.0037 | 2519 st/s
upd  440/488 | step   901120 | greedyR   107.8 | sampR    90.3 | SLA 1.00 | mig    36 | p99    21ms | viol 0 | ec 0.0029 | 2522 st/s
upd  460/488 | step   942080 | greedyR   113.4 | sampR    98.2 | SLA 1.00 | mig    25 | p99    21ms | viol 0 | ec 0.0021 | 2524 st/s
upd  480/488 | step   983040 | greedyR     1.6 | sampR    95.8 | SLA 0.90 | mig    19 | p99    88ms | viol 0 | ec 0.0014 | 2526 st/s
upd  488/488 | step   999424 | greedyR     1.8 | sampR    96.2 | SLA 0.90 | mig    19 | p99    88ms | viol 0 | ec 0.0010 | 2521 st/s
FINAL v2_mu0.1_gat_seed1: greedy 25.3 | sampled 98.0 | SLA 0.90 | mig 22 | p99 57ms | viol 0

============================================================
RUN: encoder=gat seed=2 steps=1000000
============================================================
upd    1/488 | step     2048 | greedyR   -69.0 | sampR    38.9 | SLA 0.80 | mig  1077 | p99   159ms | viol 0 | ec 0.0200 | 843 st/s
upd   20/488 | step    40960 | greedyR    91.8 | sampR    48.0 | SLA 1.00 | mig    15 | p99    24ms | viol 0 | ec 0.0193 | 2338 st/s
upd   40/488 | step    81920 | greedyR    91.3 | sampR    58.0 | SLA 1.00 | mig    14 | p99    21ms | viol 0 | ec 0.0185 | 2444 st/s
upd   60/488 | step   122880 | greedyR    91.9 | sampR    55.2 | SLA 1.00 | mig     6 | p99    24ms | viol 0 | ec 0.0177 | 2484 st/s
upd   80/488 | step   163840 | greedyR    89.3 | sampR    58.5 | SLA 1.00 | mig    36 | p99    22ms | viol 0 | ec 0.0169 | 2510 st/s
upd  100/488 | step   204800 | greedyR    90.2 | sampR    60.5 | SLA 1.00 | mig    29 | p99    23ms | viol 0 | ec 0.0161 | 2527 st/s
upd  120/488 | step   245760 | greedyR    89.9 | sampR    58.0 | SLA 1.00 | mig    29 | p99    25ms | viol 0 | ec 0.0154 | 2531 st/s
upd  140/488 | step   286720 | greedyR    97.6 | sampR    56.8 | SLA 1.00 | mig    26 | p99    21ms | viol 0 | ec 0.0146 | 2541 st/s
upd  160/488 | step   327680 | greedyR    91.9 | sampR    61.6 | SLA 1.00 | mig     6 | p99    24ms | viol 0 | ec 0.0138 | 2550 st/s
upd  180/488 | step   368640 | greedyR    93.1 | sampR    54.6 | SLA 1.00 | mig    22 | p99    21ms | viol 0 | ec 0.0130 | 2554 st/s
upd  200/488 | step   409600 | greedyR    90.8 | sampR    56.9 | SLA 1.00 | mig    39 | p99    21ms | viol 0 | ec 0.0123 | 2558 st/s
upd  220/488 | step   450560 | greedyR    89.8 | sampR    60.4 | SLA 1.00 | mig    32 | p99    21ms | viol 0 | ec 0.0115 | 2560 st/s
upd  240/488 | step   491520 | greedyR   100.8 | sampR    61.3 | SLA 1.00 | mig    26 | p99    21ms | viol 0 | ec 0.0107 | 2563 st/s
upd  260/488 | step   532480 | greedyR    91.1 | sampR    64.7 | SLA 1.00 | mig    12 | p99    22ms | viol 0 | ec 0.0099 | 2565 st/s
upd  280/488 | step   573440 | greedyR   104.9 | sampR    63.6 | SLA 1.00 | mig    32 | p99    21ms | viol 0 | ec 0.0091 | 2568 st/s
upd  300/488 | step   614400 | greedyR   104.1 | sampR    66.1 | SLA 1.00 | mig    19 | p99    21ms | viol 0 | ec 0.0084 | 2570 st/s
upd  320/488 | step   655360 | greedyR   103.9 | sampR    69.9 | SLA 1.00 | mig    14 | p99    21ms | viol 0 | ec 0.0076 | 2572 st/s
upd  340/488 | step   696320 | greedyR   110.2 | sampR    73.2 | SLA 1.00 | mig    13 | p99    27ms | viol 0 | ec 0.0068 | 2572 st/s
upd  360/488 | step   737280 | greedyR   106.5 | sampR    77.5 | SLA 1.00 | mig    24 | p99    21ms | viol 0 | ec 0.0060 | 2573 st/s
upd  380/488 | step   778240 | greedyR   107.6 | sampR    81.5 | SLA 1.00 | mig    27 | p99    21ms | viol 0 | ec 0.0052 | 2575 st/s
upd  400/488 | step   819200 | greedyR   105.7 | sampR    81.2 | SLA 1.00 | mig    38 | p99    21ms | viol 0 | ec 0.0045 | 2576 st/s
upd  420/488 | step   860160 | greedyR   103.9 | sampR    84.1 | SLA 1.00 | mig    37 | p99    21ms | viol 0 | ec 0.0037 | 2577 st/s
upd  440/488 | step   901120 | greedyR   103.8 | sampR    85.7 | SLA 1.00 | mig    42 | p99    21ms | viol 0 | ec 0.0029 | 2577 st/s
upd  460/488 | step   942080 | greedyR   101.8 | sampR    91.1 | SLA 1.00 | mig    43 | p99    21ms | viol 0 | ec 0.0021 | 2578 st/s
upd  480/488 | step   983040 | greedyR   102.1 | sampR    91.6 | SLA 1.00 | mig    39 | p99    21ms | viol 0 | ec 0.0014 | 2579 st/s
upd  488/488 | step   999424 | greedyR   103.2 | sampR    95.1 | SLA 1.00 | mig    41 | p99    21ms | viol 0 | ec 0.0010 | 2572 st/s
FINAL v2_mu0.1_gat_seed2: greedy 101.9 | sampled 92.4 | SLA 1.00 | mig 42 | p99 19ms | viol 0

============================================================
RUN: encoder=gat seed=3 steps=1000000
============================================================
upd    1/488 | step     2048 | greedyR   -14.4 | sampR    35.1 | SLA 0.90 | mig   118 | p99    90ms | viol 0 | ec 0.0200 | 846 st/s
upd   20/488 | step    40960 | greedyR    91.5 | sampR    52.4 | SLA 1.00 | mig    11 | p99    27ms | viol 0 | ec 0.0193 | 2343 st/s
upd   40/488 | step    81920 | greedyR    90.7 | sampR    53.8 | SLA 1.00 | mig    20 | p99    22ms | viol 0 | ec 0.0185 | 2467 st/s
upd   60/488 | step   122880 | greedyR    90.9 | sampR    55.8 | SLA 1.00 | mig    19 | p99    26ms | viol 0 | ec 0.0177 | 2511 st/s
upd   80/488 | step   163840 | greedyR    86.3 | sampR    58.1 | SLA 1.00 | mig    56 | p99    21ms | viol 0 | ec 0.0169 | 2531 st/s
upd  100/488 | step   204800 | greedyR    89.0 | sampR    53.6 | SLA 1.00 | mig    49 | p99    22ms | viol 0 | ec 0.0161 | 2540 st/s
upd  120/488 | step   245760 | greedyR    89.5 | sampR    58.2 | SLA 1.00 | mig    34 | p99    22ms | viol 0 | ec 0.0154 | 2550 st/s
upd  140/488 | step   286720 | greedyR    91.2 | sampR    58.9 | SLA 1.00 | mig    14 | p99    23ms | viol 0 | ec 0.0146 | 2557 st/s
upd  160/488 | step   327680 | greedyR    92.1 | sampR    57.7 | SLA 1.00 | mig    10 | p99    23ms | viol 0 | ec 0.0138 | 2561 st/s
upd  180/488 | step   368640 | greedyR    91.2 | sampR    60.0 | SLA 1.00 | mig    22 | p99    24ms | viol 0 | ec 0.0130 | 2565 st/s
upd  200/488 | step   409600 | greedyR    91.9 | sampR    62.7 | SLA 1.00 | mig     6 | p99    24ms | viol 0 | ec 0.0123 | 2569 st/s
upd  220/488 | step   450560 | greedyR    91.9 | sampR    63.4 | SLA 1.00 | mig     6 | p99    24ms | viol 0 | ec 0.0115 | 2571 st/s
upd  240/488 | step   491520 | greedyR    91.6 | sampR    62.4 | SLA 1.00 | mig     9 | p99    27ms | viol 0 | ec 0.0107 | 2573 st/s
upd  260/488 | step   532480 | greedyR    90.6 | sampR    62.0 | SLA 1.00 | mig    24 | p99    22ms | viol 0 | ec 0.0099 | 2575 st/s
upd  280/488 | step   573440 | greedyR    90.7 | sampR    65.8 | SLA 1.00 | mig    20 | p99    22ms | viol 0 | ec 0.0091 | 2575 st/s
upd  300/488 | step   614400 | greedyR    94.4 | sampR    64.6 | SLA 1.00 | mig    36 | p99    21ms | viol 0 | ec 0.0084 | 2575 st/s
upd  320/488 | step   655360 | greedyR    92.1 | sampR    64.5 | SLA 1.00 | mig    25 | p99    21ms | viol 0 | ec 0.0076 | 2576 st/s
upd  340/488 | step   696320 | greedyR    93.6 | sampR    60.7 | SLA 1.00 | mig    34 | p99    21ms | viol 0 | ec 0.0068 | 2576 st/s
upd  360/488 | step   737280 | greedyR    98.4 | sampR    66.4 | SLA 1.00 | mig    40 | p99    21ms | viol 0 | ec 0.0060 | 2577 st/s
upd  380/488 | step   778240 | greedyR    95.3 | sampR    69.2 | SLA 1.00 | mig    32 | p99    21ms | viol 0 | ec 0.0052 | 2578 st/s
upd  400/488 | step   819200 | greedyR    91.3 | sampR    67.1 | SLA 1.00 | mig    20 | p99    21ms | viol 0 | ec 0.0045 | 2578 st/s
upd  420/488 | step   860160 | greedyR    90.6 | sampR    70.2 | SLA 1.00 | mig    23 | p99    21ms | viol 0 | ec 0.0037 | 2579 st/s
upd  440/488 | step   901120 | greedyR    91.2 | sampR    74.6 | SLA 1.00 | mig    23 | p99    21ms | viol 0 | ec 0.0029 | 2579 st/s
upd  460/488 | step   942080 | greedyR    91.0 | sampR    75.8 | SLA 1.00 | mig    18 | p99    21ms | viol 0 | ec 0.0021 | 2579 st/s
upd  480/488 | step   983040 | greedyR    91.1 | sampR    73.8 | SLA 1.00 | mig    16 | p99    21ms | viol 0 | ec 0.0014 | 2579 st/s
upd  488/488 | step   999424 | greedyR    91.1 | sampR    75.4 | SLA 1.00 | mig    15 | p99    22ms | viol 0 | ec 0.0010 | 2572 st/s
FINAL v2_mu0.1_gat_seed3: greedy 86.6 | sampled 73.5 | SLA 1.00 | mig 15 | p99 20ms | viol 0

============================================================
SWEEP COMPLETE. Summary -> ../results/sweep_summary_v2_mu0.1.csv
============================================================
gat: greedy 71.2 +/- 33.1 | sampled 88.0 +/- 10.5 (n=3 seeds)

v2 baselines (migration cost): hpa 164.1 | greedy 148.3 | round_robin 142.7 | random -119.9
  best STATIC placement (search): 178.1  <- the bar to beat

============================================================
RUN: encoder=gat seed=1 steps=1000000
============================================================
upd    1/488 | step     2048 | greedyR   -10.0 | sampR   -42.5 | SLA 0.90 | mig    24 | p99    91ms | viol 0 | ec 0.0200 | 818 st/s
upd   20/488 | step    40960 | greedyR    62.8 | sampR   -12.7 | SLA 1.00 | mig    75 | p99    24ms | viol 0 | ec 0.0193 | 2319 st/s
upd   40/488 | step    81920 | greedyR    -1.0 | sampR     5.9 | SLA 0.90 | mig    11 | p99    89ms | viol 0 | ec 0.0185 | 2462 st/s
upd   60/488 | step   122880 | greedyR   -85.0 | sampR    18.0 | SLA 0.80 | mig     9 | p99   156ms | viol 0 | ec 0.0177 | 2518 st/s
upd   80/488 | step   163840 | greedyR   -14.6 | sampR    47.0 | SLA 0.90 | mig    11 | p99    95ms | viol 0 | ec 0.0169 | 2545 st/s
upd  100/488 | step   204800 | greedyR   -69.1 | sampR    49.4 | SLA 0.90 | mig     5 | p99    92ms | viol 0 | ec 0.0161 | 2560 st/s
upd  120/488 | step   245760 | greedyR     1.6 | sampR    45.6 | SLA 0.90 | mig    15 | p99    95ms | viol 0 | ec 0.0154 | 2572 st/s
upd  140/488 | step   286720 | greedyR     1.1 | sampR    44.6 | SLA 0.90 | mig    14 | p99    95ms | viol 0 | ec 0.0146 | 2577 st/s
upd  160/488 | step   327680 | greedyR   -54.1 | sampR    71.3 | SLA 0.90 | mig     5 | p99    93ms | viol 0 | ec 0.0138 | 2580 st/s
upd  180/488 | step   368640 | greedyR     9.4 | sampR    89.3 | SLA 0.90 | mig    14 | p99    95ms | viol 0 | ec 0.0130 | 2583 st/s
upd  200/488 | step   409600 | greedyR    12.4 | sampR    85.1 | SLA 0.90 | mig    20 | p99    89ms | viol 0 | ec 0.0123 | 2586 st/s
upd  220/488 | step   450560 | greedyR    96.5 | sampR    90.1 | SLA 1.00 | mig    16 | p99    22ms | viol 0 | ec 0.0115 | 2589 st/s
upd  240/488 | step   491520 | greedyR    92.0 | sampR    99.7 | SLA 1.00 | mig    20 | p99    21ms | viol 0 | ec 0.0107 | 2593 st/s
upd  260/488 | step   532480 | greedyR   120.1 | sampR    98.4 | SLA 1.00 | mig    19 | p99    27ms | viol 0 | ec 0.0099 | 2593 st/s
upd  280/488 | step   573440 | greedyR   117.9 | sampR   106.6 | SLA 1.00 | mig    15 | p99    27ms | viol 0 | ec 0.0091 | 2596 st/s
upd  300/488 | step   614400 | greedyR   124.8 | sampR   110.6 | SLA 1.00 | mig     6 | p99    27ms | viol 0 | ec 0.0084 | 2598 st/s
upd  320/488 | step   655360 | greedyR   106.4 | sampR   120.9 | SLA 1.00 | mig    19 | p99    27ms | viol 0 | ec 0.0076 | 2600 st/s
upd  340/488 | step   696320 | greedyR   113.2 | sampR   123.2 | SLA 1.00 | mig    14 | p99    21ms | viol 0 | ec 0.0068 | 2602 st/s
upd  360/488 | step   737280 | greedyR   122.1 | sampR   121.8 | SLA 1.00 | mig    16 | p99    21ms | viol 0 | ec 0.0060 | 2602 st/s
upd  380/488 | step   778240 | greedyR   128.8 | sampR   123.5 | SLA 1.00 | mig    14 | p99    21ms | viol 0 | ec 0.0052 | 2603 st/s
upd  400/488 | step   819200 | greedyR   129.7 | sampR   123.3 | SLA 1.00 | mig    17 | p99    21ms | viol 0 | ec 0.0045 | 2604 st/s
upd  420/488 | step   860160 | greedyR   103.2 | sampR   127.1 | SLA 1.00 | mig    16 | p99    21ms | viol 0 | ec 0.0037 | 2605 st/s
upd  440/488 | step   901120 | greedyR   131.4 | sampR   122.5 | SLA 1.00 | mig    17 | p99    21ms | viol 0 | ec 0.0029 | 2606 st/s
upd  460/488 | step   942080 | greedyR   103.6 | sampR   128.4 | SLA 1.00 | mig    13 | p99    21ms | viol 0 | ec 0.0021 | 2607 st/s
upd  480/488 | step   983040 | greedyR    95.0 | sampR   130.1 | SLA 1.00 | mig    13 | p99    21ms | viol 0 | ec 0.0014 | 2608 st/s
upd  488/488 | step   999424 | greedyR    94.1 | sampR   130.1 | SLA 1.00 | mig    13 | p99    21ms | viol 0 | ec 0.0010 | 2601 st/s
FINAL v2_mu0.2_gat_seed1: greedy 96.7 | sampled 130.2 | SLA 0.95 | mig 12 | p99 23ms | viol 0

============================================================
RUN: encoder=gat seed=2 steps=1000000
============================================================
upd    1/488 | step     2048 | greedyR  -114.7 | sampR   -43.9 | SLA 0.80 | mig   875 | p99   156ms | viol 0 | ec 0.0200 | 840 st/s
upd   20/488 | step    40960 | greedyR  -108.1 | sampR   -24.2 | SLA 0.80 | mig     0 | p99   156ms | viol 0 | ec 0.0193 | 2361 st/s
upd   40/488 | step    81920 | greedyR  -108.1 | sampR     1.2 | SLA 0.80 | mig     0 | p99   156ms | viol 0 | ec 0.0185 | 2486 st/s
upd   60/488 | step   122880 | greedyR  -108.1 | sampR     6.1 | SLA 0.80 | mig     0 | p99   156ms | viol 0 | ec 0.0177 | 2533 st/s
upd   80/488 | step   163840 | greedyR    84.1 | sampR    12.8 | SLA 1.00 | mig     8 | p99    25ms | viol 0 | ec 0.0169 | 2550 st/s
upd  100/488 | step   204800 | greedyR    83.9 | sampR    19.8 | SLA 1.00 | mig     7 | p99    25ms | viol 0 | ec 0.0161 | 2565 st/s
upd  120/488 | step   245760 | greedyR    84.0 | sampR    44.9 | SLA 1.00 | mig     6 | p99    24ms | viol 0 | ec 0.0154 | 2572 st/s
upd  140/488 | step   286720 | greedyR    98.6 | sampR    43.8 | SLA 1.00 | mig     9 | p99    25ms | viol 0 | ec 0.0146 | 2578 st/s
upd  160/488 | step   327680 | greedyR    98.0 | sampR    59.4 | SLA 1.00 | mig     8 | p99    25ms | viol 0 | ec 0.0138 | 2585 st/s
upd  180/488 | step   368640 | greedyR    98.6 | sampR    58.0 | SLA 1.00 | mig     9 | p99    27ms | viol 0 | ec 0.0130 | 2588 st/s
upd  200/488 | step   409600 | greedyR    98.5 | sampR    46.2 | SLA 1.00 | mig    10 | p99    27ms | viol 0 | ec 0.0123 | 2592 st/s
upd  220/488 | step   450560 | greedyR    97.9 | sampR    62.8 | SLA 1.00 | mig    10 | p99    27ms | viol 0 | ec 0.0115 | 2595 st/s
upd  240/488 | step   491520 | greedyR    97.9 | sampR    61.1 | SLA 1.00 | mig     9 | p99    27ms | viol 0 | ec 0.0107 | 2595 st/s
upd  260/488 | step   532480 | greedyR    85.0 | sampR    55.6 | SLA 1.00 | mig     9 | p99    27ms | viol 0 | ec 0.0099 | 2594 st/s
upd  280/488 | step   573440 | greedyR    99.5 | sampR    57.7 | SLA 1.00 | mig    10 | p99    27ms | viol 0 | ec 0.0091 | 2595 st/s
upd  300/488 | step   614400 | greedyR    99.7 | sampR    78.7 | SLA 1.00 | mig    10 | p99    27ms | viol 0 | ec 0.0084 | 2597 st/s
upd  320/488 | step   655360 | greedyR   104.7 | sampR    81.8 | SLA 1.00 | mig    11 | p99    27ms | viol 0 | ec 0.0076 | 2596 st/s
upd  340/488 | step   696320 | greedyR   105.8 | sampR    88.9 | SLA 1.00 | mig    14 | p99    27ms | viol 0 | ec 0.0068 | 2598 st/s
upd  360/488 | step   737280 | greedyR   108.8 | sampR    99.8 | SLA 1.00 | mig    14 | p99    27ms | viol 0 | ec 0.0060 | 2599 st/s
upd  380/488 | step   778240 | greedyR    98.6 | sampR   104.9 | SLA 1.00 | mig    13 | p99    27ms | viol 0 | ec 0.0052 | 2600 st/s
upd  400/488 | step   819200 | greedyR   109.3 | sampR   107.7 | SLA 1.00 | mig    12 | p99    27ms | viol 0 | ec 0.0045 | 2602 st/s
upd  420/488 | step   860160 | greedyR   111.0 | sampR   111.2 | SLA 1.00 | mig    15 | p99    21ms | viol 0 | ec 0.0037 | 2603 st/s
upd  440/488 | step   901120 | greedyR   108.1 | sampR   114.6 | SLA 1.00 | mig    18 | p99    21ms | viol 0 | ec 0.0029 | 2604 st/s
upd  460/488 | step   942080 | greedyR   111.0 | sampR   114.1 | SLA 1.00 | mig    20 | p99    21ms | viol 0 | ec 0.0021 | 2604 st/s
upd  480/488 | step   983040 | greedyR   109.5 | sampR   118.0 | SLA 1.00 | mig    19 | p99    21ms | viol 0 | ec 0.0014 | 2604 st/s
upd  488/488 | step   999424 | greedyR   108.8 | sampR   120.7 | SLA 1.00 | mig    18 | p99    21ms | viol 0 | ec 0.0010 | 2597 st/s
FINAL v2_mu0.2_gat_seed2: greedy 108.1 | sampled 117.6 | SLA 1.00 | mig 20 | p99 20ms | viol 0

============================================================
RUN: encoder=gat seed=3 steps=1000000
============================================================
upd    1/488 | step     2048 | greedyR    -5.7 | sampR   -47.2 | SLA 0.90 | mig   328 | p99    91ms | viol 0 | ec 0.0200 | 817 st/s
upd   20/488 | step    40960 | greedyR    52.5 | sampR   -16.6 | SLA 1.00 | mig    33 | p99    22ms | viol 0 | ec 0.0193 | 2340 st/s
upd   40/488 | step    81920 | greedyR   -86.6 | sampR     0.9 | SLA 0.80 | mig     5 | p99   156ms | viol 0 | ec 0.0185 | 2460 st/s
upd   60/488 | step   122880 | greedyR  -108.1 | sampR    12.0 | SLA 0.80 | mig     0 | p99   156ms | viol 0 | ec 0.0177 | 2513 st/s
upd   80/488 | step   163840 | greedyR   -26.3 | sampR    23.6 | SLA 0.90 | mig     8 | p99    88ms | viol 0 | ec 0.0169 | 2541 st/s
upd  100/488 | step   204800 | greedyR   -80.5 | sampR    22.2 | SLA 0.80 | mig     4 | p99   158ms | viol 0 | ec 0.0161 | 2562 st/s
upd  120/488 | step   245760 | greedyR   -46.9 | sampR    44.1 | SLA 0.90 | mig    10 | p99    89ms | viol 0 | ec 0.0154 | 2565 st/s
upd  140/488 | step   286720 | greedyR  -108.1 | sampR    35.1 | SLA 0.80 | mig     0 | p99   156ms | viol 0 | ec 0.0146 | 2576 st/s
upd  160/488 | step   327680 | greedyR  -108.1 | sampR    39.1 | SLA 0.80 | mig     0 | p99   156ms | viol 0 | ec 0.0138 | 2583 st/s
upd  180/488 | step   368640 | greedyR  -106.1 | sampR    49.3 | SLA 0.80 | mig     1 | p99   156ms | viol 0 | ec 0.0130 | 2587 st/s
upd  200/488 | step   409600 | greedyR  -103.7 | sampR    51.1 | SLA 0.80 | mig     2 | p99   158ms | viol 0 | ec 0.0123 | 2588 st/s
upd  220/488 | step   450560 | greedyR  -106.3 | sampR    62.0 | SLA 0.80 | mig     1 | p99   157ms | viol 0 | ec 0.0115 | 2592 st/s
upd  240/488 | step   491520 | greedyR   -82.5 | sampR    65.8 | SLA 0.80 | mig     5 | p99   159ms | viol 0 | ec 0.0107 | 2594 st/s
upd  260/488 | step   532480 | greedyR   -85.0 | sampR    64.8 | SLA 0.80 | mig     7 | p99   159ms | viol 0 | ec 0.0099 | 2596 st/s
upd  280/488 | step   573440 | greedyR   -76.3 | sampR    70.1 | SLA 0.80 | mig     9 | p99   159ms | viol 0 | ec 0.0091 | 2599 st/s
upd  300/488 | step   614400 | greedyR     2.8 | sampR    85.2 | SLA 0.90 | mig    18 | p99    89ms | viol 0 | ec 0.0084 | 2599 st/s
upd  320/488 | step   655360 | greedyR    10.7 | sampR    95.8 | SLA 0.90 | mig    10 | p99    89ms | viol 0 | ec 0.0076 | 2601 st/s
upd  340/488 | step   696320 | greedyR    42.5 | sampR   104.6 | SLA 1.00 | mig    11 | p99    21ms | viol 0 | ec 0.0068 | 2598 st/s
upd  360/488 | step   737280 | greedyR    19.2 | sampR   113.2 | SLA 0.90 | mig    10 | p99    88ms | viol 0 | ec 0.0060 | 2593 st/s
upd  380/488 | step   778240 | greedyR   103.9 | sampR   111.2 | SLA 1.00 | mig    14 | p99    21ms | viol 0 | ec 0.0052 | 2586 st/s
upd  400/488 | step   819200 | greedyR   124.2 | sampR   117.8 | SLA 1.00 | mig    25 | p99    21ms | viol 0 | ec 0.0045 | 2572 st/s
upd  420/488 | step   860160 | greedyR   110.9 | sampR   121.0 | SLA 1.00 | mig    15 | p99    21ms | viol 0 | ec 0.0037 | 2569 st/s
upd  440/488 | step   901120 | greedyR   110.0 | sampR   122.3 | SLA 1.00 | mig    14 | p99    21ms | viol 0 | ec 0.0029 | 2563 st/s
upd  460/488 | step   942080 | greedyR   104.2 | sampR   119.1 | SLA 1.00 | mig    16 | p99    21ms | viol 0 | ec 0.0021 | 2545 st/s
upd  480/488 | step   983040 | greedyR   111.6 | sampR   122.2 | SLA 1.00 | mig    16 | p99    21ms | viol 0 | ec 0.0014 | 2541 st/s
upd  488/488 | step   999424 | greedyR   112.2 | sampR   125.1 | SLA 1.00 | mig    14 | p99    21ms | viol 0 | ec 0.0010 | 2535 st/s
FINAL v2_mu0.2_gat_seed3: greedy 113.9 | sampled 122.8 | SLA 1.00 | mig 14 | p99 20ms | viol 0

============================================================
SWEEP COMPLETE. Summary -> ../results/sweep_summary_v2_mu0.2.csv
============================================================
gat: greedy 106.2 +/- 7.2 | sampled 123.5 +/- 5.2 (n=3 seeds)

v2 baselines (migration cost): hpa 164.1 | greedy 148.3 | round_robin 142.7 | random -119.9
  best STATIC placement (search): 178.1  <- the bar to beat
